// Jest Snapshot v1, https://goo.gl/fbAQLP

exports[`Loader matches snapshot 1`] = `
<div
  class="inline-block"
>
  <div
    class="relative w-20 h-20"
  >
    <div
      class="border-solid border-blue-200 border-8 opacity-4 rounded-full absolute top-0 left-0 w-20 h-20 rotate-right fill-forwards"
    />
    <div
      class="border-solid border-blue-200 border-8 opacity-4 rounded-full absolute top-0 left-0 w-20 h-20 rotate-left fill-forwards"
    />
  </div>
</div>
`;
