// Jest Snapshot v1, https://goo.gl/fbAQLP

exports[`Home component matches snapshot 1`] = `
<div>
  <div
    class="text-6xl text-center mb-2"
  >
    Hello world!
  </div>
  <table
    class="mt-2"
  >
    <tbody>
      <tr>
        <td
          class="p-4"
        >
          React
        </td>
        <td
          class="p-4"
        >
          <a
            href="https://reactjs.org/docs/thinking-in-react.html"
            rel="noopener noreferrer"
            target="_blank"
          >
            Docs
          </a>
        </td>
        <td
          class="p-4"
        >
          <a
            href="https://github.com/facebook/react/"
            rel="noopener noreferrer"
            target="_blank"
          >
            Github
          </a>
        </td>
      </tr>
      <tr>
        <td
          class="p-4"
        >
          Reach Router
        </td>
        <td
          class="p-4"
        >
          <a
            href="https://reach.tech/router"
            rel="noopener noreferrer"
            target="_blank"
          >
            Docs
          </a>
        </td>
        <td
          class="p-4"
        >
          <a
            href="https://github.com/reach/router"
            rel="noopener noreferrer"
            target="_blank"
          >
            Github
          </a>
        </td>
      </tr>
      <tr>
        <td
          class="p-4"
        >
          TailwindCSS
        </td>
        <td
          class="p-4"
        >
          <a
            href="https://tailwindcss.com"
            rel="noopener noreferrer"
            target="_blank"
          >
            Docs
          </a>
        </td>
        <td
          class="p-4"
        >
          <a
            href="https://github.com/tailwindcss/tailwindcss"
            rel="noopener noreferrer"
            target="_blank"
          >
            Github
          </a>
        </td>
      </tr>
      <tr>
        <td
          class="p-4"
        >
          Create React App
        </td>
        <td
          class="p-4"
        >
          <a
            href="https://github.com/facebook/create-react-app/blob/master/packages/react-scripts/template/README.md#table-of-contents"
            rel="noopener noreferrer"
            target="_blank"
          >
            Docs
          </a>
        </td>
        <td
          class="p-4"
        >
          <a
            href="https://github.com/facebook/create-react-app/tree/master/packages/react-scripts"
            rel="noopener noreferrer"
            target="_blank"
          >
            Github
          </a>
        </td>
      </tr>
    </tbody>
  </table>
</div>
`;
