// Jest Snapshot v1, https://goo.gl/fbAQLP

exports[`Home component matches snapshot 1`] = `
.emotion-0 > .title {
  font-size: 48px;
  text-align: center;
  margin-bottom: 24px;
}

.emotion-0 > table td {
  padding: 12px;
}

<div
  class="emotion-0"
>
  <div
    class="title"
  >
    Hello world!
  </div>
  <table>
    <tbody>
      <tr>
        <td>
          React
        </td>
        <td>
          <a
            href="https://reactjs.org/docs/thinking-in-react.html"
            rel="noopener noreferrer"
            target="_blank"
          >
            Docs
          </a>
        </td>
        <td>
          <a
            href="https://github.com/facebook/react/"
            rel="noopener noreferrer"
            target="_blank"
          >
            Github
          </a>
        </td>
      </tr>
      <tr>
        <td>
          React Router v4
        </td>
        <td>
          <a
            href="https://reacttraining.com/react-router/web/example/basic"
            rel="noopener noreferrer"
            target="_blank"
          >
            Docs
          </a>
        </td>
        <td>
          <a
            href="https://github.com/ReactTraining/react-router"
            rel="noopener noreferrer"
            target="_blank"
          >
            Github
          </a>
        </td>
      </tr>
      <tr>
        <td>
          Redux
        </td>
        <td>
          <a
            href="https://redux.js.org/introduction/three-principles"
            rel="noopener noreferrer"
            target="_blank"
          >
            Docs
          </a>
        </td>
        <td>
          <a
            href="https://github.com/reactjs/redux"
            rel="noopener noreferrer"
            target="_blank"
          >
            Github
          </a>
        </td>
      </tr>
      <tr>
        <td>
          Mobx
        </td>
        <td>
          <a
            href="https://mobx.js.org/best/react-performance.html"
            rel="noopener noreferrer"
            target="_blank"
          >
            Docs
          </a>
        </td>
        <td>
          <a
            href="https://github.com/mobxjs/mobx"
            rel="noopener noreferrer"
            target="_blank"
          >
            Github
          </a>
        </td>
      </tr>
      <tr>
        <td>
          Emotion
        </td>
        <td>
          <a
            href="https://emotion.sh/docs/composition"
            rel="noopener noreferrer"
            target="_blank"
          >
            Docs
          </a>
        </td>
        <td>
          <a
            href="https://github.com/emotion-js/emotion"
            rel="noopener noreferrer"
            target="_blank"
          >
            Github
          </a>
        </td>
      </tr>
      <tr>
        <td>
          Create React App
        </td>
        <td>
          <a
            href="https://github.com/facebook/create-react-app/blob/master/packages/react-scripts/template/README.md#table-of-contents"
            rel="noopener noreferrer"
            target="_blank"
          >
            Docs
          </a>
        </td>
        <td>
          <a
            href="https://github.com/facebook/create-react-app/tree/next/packages/react-scripts"
            rel="noopener noreferrer"
            target="_blank"
          >
            Github
          </a>
        </td>
      </tr>
    </tbody>
  </table>
</div>
`;
