// Jest Snapshot v1, https://goo.gl/fbAQLP

exports[`Navigation component matches snapshot 1`] = `
<div
  class="fixed left-0 bottom-0 m-2 flex flex-col border-solid border border-gray-100"
>
  <a
    class="p-1 inline-block hover:bg-gray-100 border-r-2 border-solid border-blue-500"
    href="/"
  >
    Home
  </a>
  <a
    class="p-1 inline-block hover:bg-gray-100"
    href="/about"
  >
    About
  </a>
  <a
    class="p-1 inline-block hover:bg-gray-100"
    href="/contact"
  >
    Contact
  </a>
</div>
`;
