// Jest Snapshot v1, https://goo.gl/fbAQLP

exports[`Navigation component matches snapshot 1`] = `
.emotion-0 {
  position: fixed;
  left: 6px;
  bottom: 6px;
  display: -webkit-box;
  display: -webkit-flex;
  display: -ms-flexbox;
  display: flex;
  -webkit-flex-direction: column;
  -ms-flex-direction: column;
  flex-direction: column;
  border: 1px solid #f5f5f5;
}

.emotion-0 > .link {
  -webkit-text-decoration: none;
  text-decoration: none;
  padding: 0.5em;
  display: inline-block;
}

.emotion-0 > .link:hover {
  background-color: #f5f5f5;
}

.emotion-0 > .link.active {
  border-right: 2px solid #00bcd4;
}

<div
  className="emotion-0"
>
  <NavLink
    activeClassName="active"
    ariaCurrent="true"
    className="link"
    exact={true}
    key="/"
    to="/"
  >
    Home
  </NavLink>
  <NavLink
    activeClassName="active"
    ariaCurrent="true"
    className="link"
    key="/about"
    to="/about"
  >
    About
  </NavLink>
  <NavLink
    activeClassName="active"
    ariaCurrent="true"
    className="link"
    key="/contact"
    to="/contact"
  >
    Contact
  </NavLink>
</div>
`;
